../Core/Src/main.c:78:6:EEPROM_CS_Init	32	static
../Core/Src/main.c:98:5:main	72	static
../Core/Src/main.c:179:6:SystemClock_Config	88	static
../Core/Src/main.c:226:13:MX_ADC1_Init	24	static
../Core/Src/main.c:273:13:MX_SPI2_Init	8	static
../Core/Src/main.c:311:13:MX_USART1_UART_Init	8	static
../Core/Src/main.c:344:13:MX_GPIO_Init	40	static
../Core/Src/main.c:414:6:LED_Show	24	static
../Core/Src/main.c:421:6:MP3_Message	16	static
../Core/Src/main.c:427:6:StartDefaultTask	24	static
../Core/Src/main.c:522:6:StartTask02	24	static
../Core/Src/main.c:551:6:HAL_TIM_PeriodElapsedCallback	16	static
../Core/Src/main.c:568:6:Error_Handler	4	static,ignoring_inline_asm
